[     126ms] [LOG] [Fast Refresh] rebuilding @ http://localhost:3001/_next/static/chunks/4f160_next_dist_4fea854d._.js:2242
[     614ms] [LOG] [Fast Refresh] done in 602ms @ http://localhost:3001/_next/static/chunks/4f160_next_dist_4fea854d._.js:2242
[     984ms] [WARNING] <link rel=preload> must have a valid `as` value @ http://localhost:3001/projects/residential:0
[    1166ms] [INFO] %cDownload the React DevTools for a better development experience: https://react.dev/link/react-devtools font-weight:bold @ http://localhost:3001/_next/static/chunks/4f160_next_dist_4fea854d._.js:2242
[    1222ms] [LOG] [HMR] connected @ http://localhost:3001/_next/static/chunks/4f160_next_dist_4fea854d._.js:2242
[    1456ms] [ERROR] Failed to load resource: the server responded with a status of 400 (Bad Request) @ http://localhost:3001/_next/image?url=%2Fres-project-6.png&w=1920&q=75:0
[    1510ms] [WARNING] Image with src "/res-project-6.png" has "fill" but is missing "sizes" prop. Please add it to improve page performance. Read more: https://nextjs.org/docs/api-reference/next/image#sizes @ http://localhost:3001/_next/static/chunks/4f160_next_dist_4fea854d._.js:2242
[    1513ms] [WARNING] Image with src "/res-project-1.png" has "fill" but is missing "sizes" prop. Please add it to improve page performance. Read more: https://nextjs.org/docs/api-reference/next/image#sizes @ http://localhost:3001/_next/static/chunks/4f160_next_dist_4fea854d._.js:2242
[    1513ms] [WARNING] Image with src "/res-project-2.png" has "fill" but is missing "sizes" prop. Please add it to improve page performance. Read more: https://nextjs.org/docs/api-reference/next/image#sizes @ http://localhost:3001/_next/static/chunks/4f160_next_dist_4fea854d._.js:2242
[    1539ms] [WARNING] Image with src "/res-project-4.png" has "fill" but is missing "sizes" prop. Please add it to improve page performance. Read more: https://nextjs.org/docs/api-reference/next/image#sizes @ http://localhost:3001/_next/static/chunks/4f160_next_dist_4fea854d._.js:2242
[    1547ms] [WARNING] Image with src "/res-project-5.png" has "fill" but is missing "sizes" prop. Please add it to improve page performance. Read more: https://nextjs.org/docs/api-reference/next/image#sizes @ http://localhost:3001/_next/static/chunks/4f160_next_dist_4fea854d._.js:2242
[    1566ms] [WARNING] Image with src "/res-project-3.png" has "fill" but is missing "sizes" prop. Please add it to improve page performance. Read more: https://nextjs.org/docs/api-reference/next/image#sizes @ http://localhost:3001/_next/static/chunks/4f160_next_dist_4fea854d._.js:2242
[    1586ms] [LOG] [Fast Refresh] rebuilding @ http://localhost:3001/_next/static/chunks/4f160_next_dist_4fea854d._.js:2242
[    1617ms] [LOG] [Fast Refresh] done in 135ms @ http://localhost:3001/_next/static/chunks/4f160_next_dist_4fea854d._.js:2242
[    2098ms] [ERROR] Failed to load resource: the server responded with a status of 500 (Internal Server Error) @ http://localhost:3001/projects/residential:0
[    2104ms] Error: {error: ..., query: ...}
    at resolveErrorDev (http://localhost:3001/_next/static/chunks/4f160_next_dist_compiled_react-server-dom-turbopack-experimental_5cadb070._.js:1861:106)
    at processFullStringRow (http://localhost:3001/_next/static/chunks/4f160_next_dist_compiled_react-server-dom-turbopack-experimental_5cadb070._.js:2359:29)
    at processFullBinaryRow (http://localhost:3001/_next/static/chunks/4f160_next_dist_compiled_react-server-dom-turbopack-experimental_5cadb070._.js:2318:9)
    at processBinaryChunk (http://localhost:3001/_next/static/chunks/4f160_next_dist_compiled_react-server-dom-turbopack-experimental_5cadb070._.js:2437:98)
    at progress (http://localhost:3001/_next/static/chunks/4f160_next_dist_compiled_react-server-dom-turbopack-experimental_5cadb070._.js:2606:13)
[    2588ms] [ERROR] Failed to load resource: the server responded with a status of 500 (Internal Server Error) @ http://localhost:3001/projects/residential:0
[    2591ms] Error: {error: ..., query: ...}
    at resolveErrorDev (http://localhost:3001/_next/static/chunks/4f160_next_dist_compiled_react-server-dom-turbopack-experimental_5cadb070._.js:1861:106)
    at processFullStringRow (http://localhost:3001/_next/static/chunks/4f160_next_dist_compiled_react-server-dom-turbopack-experimental_5cadb070._.js:2359:29)
    at processFullBinaryRow (http://localhost:3001/_next/static/chunks/4f160_next_dist_compiled_react-server-dom-turbopack-experimental_5cadb070._.js:2318:9)
    at processBinaryChunk (http://localhost:3001/_next/static/chunks/4f160_next_dist_compiled_react-server-dom-turbopack-experimental_5cadb070._.js:2437:98)
    at progress (http://localhost:3001/_next/static/chunks/4f160_next_dist_compiled_react-server-dom-turbopack-experimental_5cadb070._.js:2606:13)
