[     140ms] [LOG] [Fast Refresh] rebuilding @ http://localhost:3001/_next/static/chunks/4f160_next_dist_4fea854d._.js:2242
[     575ms] [LOG] [Fast Refresh] done in 544ms @ http://localhost:3001/_next/static/chunks/4f160_next_dist_4fea854d._.js:2242
[     690ms] [LOG] [Fast Refresh] rebuilding @ http://localhost:3001/_next/static/chunks/4f160_next_dist_4fea854d._.js:2242
[     695ms] [LOG] [Fast Refresh] done in 107ms @ http://localhost:3001/_next/static/chunks/4f160_next_dist_4fea854d._.js:2242
[    1884ms] [WARNING] <link rel=preload> must have a valid `as` value @ http://localhost:3001/collections/all:0
[    2038ms] [INFO] %cDownload the React DevTools for a better development experience: https://react.dev/link/react-devtools font-weight:bold @ http://localhost:3001/_next/static/chunks/4f160_next_dist_4fea854d._.js:2242
[    2092ms] [LOG] [HMR] connected @ http://localhost:3001/_next/static/chunks/4f160_next_dist_4fea854d._.js:2242
[    2295ms] [WARNING] Image with src "/room-living.png" has "fill" but is missing "sizes" prop. Please add it to improve page performance. Read more: https://nextjs.org/docs/api-reference/next/image#sizes @ http://localhost:3001/_next/static/chunks/4f160_next_dist_4fea854d._.js:2242
[    2296ms] [WARNING] Image with src "/room-kitchen.jpg" has "fill" but is missing "sizes" prop. Please add it to improve page performance. Read more: https://nextjs.org/docs/api-reference/next/image#sizes @ http://localhost:3001/_next/static/chunks/4f160_next_dist_4fea854d._.js:2242
[    2333ms] [LOG] [Fast Refresh] rebuilding @ http://localhost:3001/_next/static/chunks/4f160_next_dist_4fea854d._.js:2242
[    2335ms] [LOG] [Fast Refresh] done in 105ms @ http://localhost:3001/_next/static/chunks/4f160_next_dist_4fea854d._.js:2242
[    2439ms] [LOG] [Fast Refresh] rebuilding @ http://localhost:3001/_next/static/chunks/4f160_next_dist_4fea854d._.js:2242
[    2445ms] [LOG] [Fast Refresh] done in 110ms @ http://localhost:3001/_next/static/chunks/4f160_next_dist_4fea854d._.js:2242
[    2552ms] [LOG] [Fast Refresh] rebuilding @ http://localhost:3001/_next/static/chunks/4f160_next_dist_4fea854d._.js:2242
[    2553ms] [LOG] [Fast Refresh] done in 107ms @ http://localhost:3001/_next/static/chunks/4f160_next_dist_4fea854d._.js:2242
[    2673ms] [LOG] [Fast Refresh] rebuilding @ http://localhost:3001/_next/static/chunks/4f160_next_dist_4fea854d._.js:2242
[    2975ms] [ERROR] Failed to load resource: the server responded with a status of 500 (Internal Server Error) @ http://localhost:3001/collections/all:0
[    2977ms] [LOG] [Fast Refresh] done in 408ms @ http://localhost:3001/_next/static/chunks/4f160_next_dist_4fea854d._.js:2242
[    2979ms] Error: {error: ..., query: ...}
    at resolveErrorDev (http://localhost:3001/_next/static/chunks/4f160_next_dist_compiled_react-server-dom-turbopack-experimental_5cadb070._.js:1861:106)
    at processFullStringRow (http://localhost:3001/_next/static/chunks/4f160_next_dist_compiled_react-server-dom-turbopack-experimental_5cadb070._.js:2359:29)
    at processFullBinaryRow (http://localhost:3001/_next/static/chunks/4f160_next_dist_compiled_react-server-dom-turbopack-experimental_5cadb070._.js:2318:9)
    at processBinaryChunk (http://localhost:3001/_next/static/chunks/4f160_next_dist_compiled_react-server-dom-turbopack-experimental_5cadb070._.js:2437:98)
    at progress (http://localhost:3001/_next/static/chunks/4f160_next_dist_compiled_react-server-dom-turbopack-experimental_5cadb070._.js:2606:13)
[    3340ms] [LOG] [Fast Refresh] rebuilding @ http://localhost:3001/_next/static/chunks/4f160_next_dist_4fea854d._.js:2242
[    3580ms] [ERROR] Failed to load resource: the server responded with a status of 500 (Internal Server Error) @ http://localhost:3001/collections/all:0
[    3582ms] [LOG] [Fast Refresh] done in 350ms @ http://localhost:3001/_next/static/chunks/4f160_next_dist_4fea854d._.js:2242
[    3589ms] Error: {error: ..., query: ...}
    at resolveErrorDev (http://localhost:3001/_next/static/chunks/4f160_next_dist_compiled_react-server-dom-turbopack-experimental_5cadb070._.js:1861:106)
    at processFullStringRow (http://localhost:3001/_next/static/chunks/4f160_next_dist_compiled_react-server-dom-turbopack-experimental_5cadb070._.js:2359:29)
    at processFullBinaryRow (http://localhost:3001/_next/static/chunks/4f160_next_dist_compiled_react-server-dom-turbopack-experimental_5cadb070._.js:2318:9)
    at processBinaryChunk (http://localhost:3001/_next/static/chunks/4f160_next_dist_compiled_react-server-dom-turbopack-experimental_5cadb070._.js:2437:98)
    at progress (http://localhost:3001/_next/static/chunks/4f160_next_dist_compiled_react-server-dom-turbopack-experimental_5cadb070._.js:2606:13)
[    3721ms] [LOG] [Fast Refresh] rebuilding @ http://localhost:3001/_next/static/chunks/4f160_next_dist_4fea854d._.js:2242
[    3724ms] [LOG] [Fast Refresh] done in 104ms @ http://localhost:3001/_next/static/chunks/4f160_next_dist_4fea854d._.js:2242
[    3844ms] [LOG] [Fast Refresh] rebuilding @ http://localhost:3001/_next/static/chunks/4f160_next_dist_4fea854d._.js:2242
[    3845ms] [LOG] [Fast Refresh] done in 101ms @ http://localhost:3001/_next/static/chunks/4f160_next_dist_4fea854d._.js:2242
