[     149ms] [LOG] [Fast Refresh] rebuilding @ http://localhost:3001/_next/static/chunks/4f160_next_dist_4fea854d._.js:2242
[    1619ms] [LOG] [Fast Refresh] done in 1577ms @ http://localhost:3001/_next/static/chunks/4f160_next_dist_4fea854d._.js:2242
[    1746ms] [LOG] [Fast Refresh] rebuilding @ http://localhost:3001/_next/static/chunks/4f160_next_dist_4fea854d._.js:2242
[    1749ms] [LOG] [Fast Refresh] done in 110ms @ http://localhost:3001/_next/static/chunks/4f160_next_dist_4fea854d._.js:2242
[    2026ms] [WARNING] <link rel=preload> must have a valid `as` value @ http://localhost:3001/projects/commercial:0
[    2265ms] [INFO] %cDownload the React DevTools for a better development experience: https://react.dev/link/react-devtools font-weight:bold @ http://localhost:3001/_next/static/chunks/4f160_next_dist_4fea854d._.js:2242
[    2301ms] [LOG] [HMR] connected @ http://localhost:3001/_next/static/chunks/4f160_next_dist_4fea854d._.js:2242
[    2414ms] [LOG] [Fast Refresh] rebuilding @ http://localhost:3001/_next/static/chunks/4f160_next_dist_4fea854d._.js:2242
[    2476ms] [LOG] [Fast Refresh] done in 164ms @ http://localhost:3001/_next/static/chunks/4f160_next_dist_4fea854d._.js:2242
[    2584ms] [LOG] [Fast Refresh] rebuilding @ http://localhost:3001/_next/static/chunks/4f160_next_dist_4fea854d._.js:2242
[    2740ms] [LOG] [Fast Refresh] done in 261ms @ http://localhost:3001/_next/static/chunks/4f160_next_dist_4fea854d._.js:2242
[    2853ms] [LOG] [Fast Refresh] rebuilding @ http://localhost:3001/_next/static/chunks/4f160_next_dist_4fea854d._.js:2242
[    2992ms] [LOG] [Fast Refresh] done in 239ms @ http://localhost:3001/_next/static/chunks/4f160_next_dist_4fea854d._.js:2242
[    3114ms] [WARNING] Image with src "/com-project-2.png" has "fill" but is missing "sizes" prop. Please add it to improve page performance. Read more: https://nextjs.org/docs/api-reference/next/image#sizes @ http://localhost:3001/_next/static/chunks/4f160_next_dist_4fea854d._.js:2242
[    3134ms] [WARNING] Image with src "/com-project-3.png" has "fill" but is missing "sizes" prop. Please add it to improve page performance. Read more: https://nextjs.org/docs/api-reference/next/image#sizes @ http://localhost:3001/_next/static/chunks/4f160_next_dist_4fea854d._.js:2242
[    3144ms] [LOG] [Fast Refresh] rebuilding @ http://localhost:3001/_next/static/chunks/4f160_next_dist_4fea854d._.js:2242
[    3212ms] [WARNING] Image with src "/com-project-1.png" has "fill" but is missing "sizes" prop. Please add it to improve page performance. Read more: https://nextjs.org/docs/api-reference/next/image#sizes @ http://localhost:3001/_next/static/chunks/4f160_next_dist_4fea854d._.js:2242
[    3238ms] [WARNING] Image with src "/com-project-4.png" has "fill" but is missing "sizes" prop. Please add it to improve page performance. Read more: https://nextjs.org/docs/api-reference/next/image#sizes @ http://localhost:3001/_next/static/chunks/4f160_next_dist_4fea854d._.js:2242
[    3552ms] [LOG] [Fast Refresh] done in 547ms @ http://localhost:3001/_next/static/chunks/4f160_next_dist_4fea854d._.js:2242
[    3670ms] [LOG] [Fast Refresh] rebuilding @ http://localhost:3001/_next/static/chunks/4f160_next_dist_4fea854d._.js:2242
[    3987ms] [ERROR] Failed to load resource: the server responded with a status of 500 (Internal Server Error) @ http://localhost:3001/projects/commercial:0
[    3990ms] [LOG] [Fast Refresh] done in 423ms @ http://localhost:3001/_next/static/chunks/4f160_next_dist_4fea854d._.js:2242
[    4001ms] Error: {error: ..., query: ...}
    at resolveErrorDev (http://localhost:3001/_next/static/chunks/4f160_next_dist_compiled_react-server-dom-turbopack-experimental_5cadb070._.js:1861:106)
    at processFullStringRow (http://localhost:3001/_next/static/chunks/4f160_next_dist_compiled_react-server-dom-turbopack-experimental_5cadb070._.js:2359:29)
    at processFullBinaryRow (http://localhost:3001/_next/static/chunks/4f160_next_dist_compiled_react-server-dom-turbopack-experimental_5cadb070._.js:2318:9)
    at processBinaryChunk (http://localhost:3001/_next/static/chunks/4f160_next_dist_compiled_react-server-dom-turbopack-experimental_5cadb070._.js:2437:98)
    at progress (http://localhost:3001/_next/static/chunks/4f160_next_dist_compiled_react-server-dom-turbopack-experimental_5cadb070._.js:2606:13)
[    4037ms] [WARNING] Image with src "/com-project-5.png" has "fill" but is missing "sizes" prop. Please add it to improve page performance. Read more: https://nextjs.org/docs/api-reference/next/image#sizes @ http://localhost:3001/_next/static/chunks/4f160_next_dist_4fea854d._.js:2242
[    4051ms] [WARNING] Image with src "/com-project-6.png" has "fill" but is missing "sizes" prop. Please add it to improve page performance. Read more: https://nextjs.org/docs/api-reference/next/image#sizes @ http://localhost:3001/_next/static/chunks/4f160_next_dist_4fea854d._.js:2242
[    4125ms] [LOG] [Fast Refresh] rebuilding @ http://localhost:3001/_next/static/chunks/4f160_next_dist_4fea854d._.js:2242
[    4149ms] [LOG] [Fast Refresh] done in 126ms @ http://localhost:3001/_next/static/chunks/4f160_next_dist_4fea854d._.js:2242
[    4629ms] [ERROR] Failed to load resource: the server responded with a status of 500 (Internal Server Error) @ http://localhost:3001/projects/commercial:0
[    4634ms] Error: {error: ..., query: ...}
    at resolveErrorDev (http://localhost:3001/_next/static/chunks/4f160_next_dist_compiled_react-server-dom-turbopack-experimental_5cadb070._.js:1861:106)
    at processFullStringRow (http://localhost:3001/_next/static/chunks/4f160_next_dist_compiled_react-server-dom-turbopack-experimental_5cadb070._.js:2359:29)
    at processFullBinaryRow (http://localhost:3001/_next/static/chunks/4f160_next_dist_compiled_react-server-dom-turbopack-experimental_5cadb070._.js:2318:9)
    at processBinaryChunk (http://localhost:3001/_next/static/chunks/4f160_next_dist_compiled_react-server-dom-turbopack-experimental_5cadb070._.js:2437:98)
    at progress (http://localhost:3001/_next/static/chunks/4f160_next_dist_compiled_react-server-dom-turbopack-experimental_5cadb070._.js:2606:13)
[    6912ms] [WARNING] Image with src "/com-project-1.png" was detected as the Largest Contentful Paint (LCP). Please add the `loading="eager"` property if this image is above the fold.
Read more: https://nextjs.org/docs/app/api-reference/components/image#loading @ http://localhost:3001/_next/static/chunks/4f160_next_dist_4fea854d._.js:2242
