[     119ms] [LOG] [Fast Refresh] rebuilding @ http://localhost:3001/_next/static/chunks/4f160_next_dist_4fea854d._.js:2242
[    1126ms] [LOG] [Fast Refresh] done in 1114ms @ http://localhost:3001/_next/static/chunks/4f160_next_dist_4fea854d._.js:2242
[    1244ms] [LOG] [Fast Refresh] rebuilding @ http://localhost:3001/_next/static/chunks/4f160_next_dist_4fea854d._.js:2242
[    1292ms] [LOG] [Fast Refresh] done in 154ms @ http://localhost:3001/_next/static/chunks/4f160_next_dist_4fea854d._.js:2242
[    1411ms] [LOG] [Fast Refresh] rebuilding @ http://localhost:3001/_next/static/chunks/4f160_next_dist_4fea854d._.js:2242
[    1443ms] [LOG] [Fast Refresh] done in 145ms @ http://localhost:3001/_next/static/chunks/4f160_next_dist_4fea854d._.js:2242
[    1500ms] [WARNING] <link rel=preload> must have a valid `as` value @ http://localhost:3001/press:0
[    1680ms] [INFO] %cDownload the React DevTools for a better development experience: https://react.dev/link/react-devtools font-weight:bold @ http://localhost:3001/_next/static/chunks/4f160_next_dist_4fea854d._.js:2242
[    1725ms] [LOG] [HMR] connected @ http://localhost:3001/_next/static/chunks/4f160_next_dist_4fea854d._.js:2242
[    1737ms] [ERROR] Failed to load resource: the server responded with a status of 400 (Bad Request) @ http://localhost:3001/_next/image?url=%2Fpress-feat-2.jpg&w=1920&q=75:0
[    1868ms] [LOG] [Fast Refresh] rebuilding @ http://localhost:3001/_next/static/chunks/4f160_next_dist_4fea854d._.js:2242
[    1869ms] [LOG] [Fast Refresh] done in 109ms @ http://localhost:3001/_next/static/chunks/4f160_next_dist_4fea854d._.js:2242
[    1894ms] [WARNING] Image with src "/press-feat-2.jpg" has "fill" but is missing "sizes" prop. Please add it to improve page performance. Read more: https://nextjs.org/docs/api-reference/next/image#sizes @ http://localhost:3001/_next/static/chunks/4f160_next_dist_4fea854d._.js:2242
[    1977ms] [LOG] [Fast Refresh] rebuilding @ http://localhost:3001/_next/static/chunks/4f160_next_dist_4fea854d._.js:2242
[    2056ms] [LOG] [Fast Refresh] done in 180ms @ http://localhost:3001/_next/static/chunks/4f160_next_dist_4fea854d._.js:2242
[    2178ms] [LOG] [Fast Refresh] rebuilding @ http://localhost:3001/_next/static/chunks/4f160_next_dist_4fea854d._.js:2242
[    2248ms] [LOG] [Fast Refresh] done in 178ms @ http://localhost:3001/_next/static/chunks/4f160_next_dist_4fea854d._.js:2242
[    2266ms] [WARNING] Image with src "/press-feat-3.jpg" has "fill" but is missing "sizes" prop. Please add it to improve page performance. Read more: https://nextjs.org/docs/api-reference/next/image#sizes @ http://localhost:3001/_next/static/chunks/4f160_next_dist_4fea854d._.js:2242
[    2315ms] [WARNING] Image with src "/press-feat-1.jpg" has "fill" but is missing "sizes" prop. Please add it to improve page performance. Read more: https://nextjs.org/docs/api-reference/next/image#sizes @ http://localhost:3001/_next/static/chunks/4f160_next_dist_4fea854d._.js:2242
[    2353ms] [LOG] [Fast Refresh] rebuilding @ http://localhost:3001/_next/static/chunks/4f160_next_dist_4fea854d._.js:2242
[    2615ms] [LOG] [Fast Refresh] done in 363ms @ http://localhost:3001/_next/static/chunks/4f160_next_dist_4fea854d._.js:2242
[    2615ms] [ERROR] Failed to load resource: the server responded with a status of 500 (Internal Server Error) @ http://localhost:3001/press:0
[    2617ms] Error: {error: ..., query: ...}
    at resolveErrorDev (http://localhost:3001/_next/static/chunks/4f160_next_dist_compiled_react-server-dom-turbopack-experimental_5cadb070._.js:1861:106)
    at processFullStringRow (http://localhost:3001/_next/static/chunks/4f160_next_dist_compiled_react-server-dom-turbopack-experimental_5cadb070._.js:2359:29)
    at processFullBinaryRow (http://localhost:3001/_next/static/chunks/4f160_next_dist_compiled_react-server-dom-turbopack-experimental_5cadb070._.js:2318:9)
    at processBinaryChunk (http://localhost:3001/_next/static/chunks/4f160_next_dist_compiled_react-server-dom-turbopack-experimental_5cadb070._.js:2437:98)
    at progress (http://localhost:3001/_next/static/chunks/4f160_next_dist_compiled_react-server-dom-turbopack-experimental_5cadb070._.js:2606:13)
[    2807ms] [ERROR] Failed to load resource: the server responded with a status of 400 (Bad Request) @ http://localhost:3001/_next/image?url=%2Fpress-article-3.jpg&w=1920&q=75:0
[    2929ms] [LOG] [Fast Refresh] rebuilding @ http://localhost:3001/_next/static/chunks/4f160_next_dist_4fea854d._.js:2242
[    3351ms] [ERROR] Failed to load resource: the server responded with a status of 500 (Internal Server Error) @ http://localhost:3001/press:0
[    3354ms] [LOG] [Fast Refresh] done in 527ms @ http://localhost:3001/_next/static/chunks/4f160_next_dist_4fea854d._.js:2242
[    3358ms] Error: {error: ..., query: ...}
    at resolveErrorDev (http://localhost:3001/_next/static/chunks/4f160_next_dist_compiled_react-server-dom-turbopack-experimental_5cadb070._.js:1861:106)
    at processFullStringRow (http://localhost:3001/_next/static/chunks/4f160_next_dist_compiled_react-server-dom-turbopack-experimental_5cadb070._.js:2359:29)
    at processFullBinaryRow (http://localhost:3001/_next/static/chunks/4f160_next_dist_compiled_react-server-dom-turbopack-experimental_5cadb070._.js:2318:9)
    at processBinaryChunk (http://localhost:3001/_next/static/chunks/4f160_next_dist_compiled_react-server-dom-turbopack-experimental_5cadb070._.js:2437:98)
    at progress (http://localhost:3001/_next/static/chunks/4f160_next_dist_compiled_react-server-dom-turbopack-experimental_5cadb070._.js:2606:13)
[    3383ms] [WARNING] Image with src "/press-article-2.jpg" has "fill" but is missing "sizes" prop. Please add it to improve page performance. Read more: https://nextjs.org/docs/api-reference/next/image#sizes @ http://localhost:3001/_next/static/chunks/4f160_next_dist_4fea854d._.js:2242
[    3407ms] [WARNING] Image with src "/press-article-1.jpg" has "fill" but is missing "sizes" prop. Please add it to improve page performance. Read more: https://nextjs.org/docs/api-reference/next/image#sizes @ http://localhost:3001/_next/static/chunks/4f160_next_dist_4fea854d._.js:2242
[    4412ms] [WARNING] Image with src "/press-article-4.jpg" has "fill" but is missing "sizes" prop. Please add it to improve page performance. Read more: https://nextjs.org/docs/api-reference/next/image#sizes @ http://localhost:3001/_next/static/chunks/4f160_next_dist_4fea854d._.js:2242
[    4425ms] [WARNING] Image with src "/press-article-5.jpg" has "fill" but is missing "sizes" prop. Please add it to improve page performance. Read more: https://nextjs.org/docs/api-reference/next/image#sizes @ http://localhost:3001/_next/static/chunks/4f160_next_dist_4fea854d._.js:2242
[    4443ms] [WARNING] Image with src "/press-article-6.jpg" has "fill" but is missing "sizes" prop. Please add it to improve page performance. Read more: https://nextjs.org/docs/api-reference/next/image#sizes @ http://localhost:3001/_next/static/chunks/4f160_next_dist_4fea854d._.js:2242
[    4536ms] [LOG] [Fast Refresh] rebuilding @ http://localhost:3001/_next/static/chunks/4f160_next_dist_4fea854d._.js:2242
[    4742ms] [LOG] [Fast Refresh] done in 317ms @ http://localhost:3001/_next/static/chunks/4f160_next_dist_4fea854d._.js:2242
[    4857ms] [WARNING] Image with src "/press-article-8.jpg" has "fill" but is missing "sizes" prop. Please add it to improve page performance. Read more: https://nextjs.org/docs/api-reference/next/image#sizes @ http://localhost:3001/_next/static/chunks/4f160_next_dist_4fea854d._.js:2242
[    4863ms] [LOG] [Fast Refresh] rebuilding @ http://localhost:3001/_next/static/chunks/4f160_next_dist_4fea854d._.js:2242
[    4874ms] [WARNING] Image with src "/press-article-7.jpg" has "fill" but is missing "sizes" prop. Please add it to improve page performance. Read more: https://nextjs.org/docs/api-reference/next/image#sizes @ http://localhost:3001/_next/static/chunks/4f160_next_dist_4fea854d._.js:2242
[    4884ms] [LOG] [Fast Refresh] done in 125ms @ http://localhost:3001/_next/static/chunks/4f160_next_dist_4fea854d._.js:2242
[    4994ms] [LOG] [Fast Refresh] rebuilding @ http://localhost:3001/_next/static/chunks/4f160_next_dist_4fea854d._.js:2242
[    4994ms] [LOG] [Fast Refresh] done in 108ms @ http://localhost:3001/_next/static/chunks/4f160_next_dist_4fea854d._.js:2242
[    5057ms] [WARNING] Image with src "/press-article-9.jpg" has "fill" but is missing "sizes" prop. Please add it to improve page performance. Read more: https://nextjs.org/docs/api-reference/next/image#sizes @ http://localhost:3001/_next/static/chunks/4f160_next_dist_4fea854d._.js:2242
[    5114ms] [LOG] [Fast Refresh] rebuilding @ http://localhost:3001/_next/static/chunks/4f160_next_dist_4fea854d._.js:2242
[    5119ms] [LOG] [Fast Refresh] done in 107ms @ http://localhost:3001/_next/static/chunks/4f160_next_dist_4fea854d._.js:2242
