[    1236ms] [WARNING] <link rel=preload> must have a valid `as` value @ http://localhost:3001/:0
[    1697ms] [INFO] %cDownload the React DevTools for a better development experience: https://react.dev/link/react-devtools font-weight:bold @ http://localhost:3001/_next/static/chunks/4f160_next_dist_4fea854d._.js:2242
[    1925ms] [LOG] [HMR] connected @ http://localhost:3001/_next/static/chunks/4f160_next_dist_4fea854d._.js:2242
[    2129ms] [LOG] [Fast Refresh] rebuilding @ http://localhost:3001/_next/static/chunks/4f160_next_dist_4fea854d._.js:2242
[    2472ms] [LOG] [Fast Refresh] done in 493ms @ http://localhost:3001/_next/static/chunks/4f160_next_dist_4fea854d._.js:2242
[    2602ms] [LOG] [Fast Refresh] rebuilding @ http://localhost:3001/_next/static/chunks/4f160_next_dist_4fea854d._.js:2242
[    2608ms] [LOG] [Fast Refresh] done in 116ms @ http://localhost:3001/_next/static/chunks/4f160_next_dist_4fea854d._.js:2242
[    3589ms] [ERROR] Failed to load resource: the server responded with a status of 500 (Internal Server Error) @ http://localhost:3001/:0
[    3623ms] Error: {error: ..., query: ...}
    at resolveErrorDev (http://localhost:3001/_next/static/chunks/4f160_next_dist_compiled_react-server-dom-turbopack-experimental_5cadb070._.js:1861:106)
    at processFullStringRow (http://localhost:3001/_next/static/chunks/4f160_next_dist_compiled_react-server-dom-turbopack-experimental_5cadb070._.js:2359:29)
    at processFullBinaryRow (http://localhost:3001/_next/static/chunks/4f160_next_dist_compiled_react-server-dom-turbopack-experimental_5cadb070._.js:2318:9)
    at processBinaryChunk (http://localhost:3001/_next/static/chunks/4f160_next_dist_compiled_react-server-dom-turbopack-experimental_5cadb070._.js:2437:98)
    at progress (http://localhost:3001/_next/static/chunks/4f160_next_dist_compiled_react-server-dom-turbopack-experimental_5cadb070._.js:2606:13)
[    3781ms] [LOG] [Fast Refresh] rebuilding @ http://localhost:3001/_next/static/chunks/4f160_next_dist_4fea854d._.js:2242
[    3952ms] [LOG] [Fast Refresh] done in 279ms @ http://localhost:3001/_next/static/chunks/4f160_next_dist_4fea854d._.js:2242
[    4071ms] [LOG] [Fast Refresh] rebuilding @ http://localhost:3001/_next/static/chunks/4f160_next_dist_4fea854d._.js:2242
[    4362ms] [ERROR] Failed to load resource: the server responded with a status of 500 (Internal Server Error) @ http://localhost:3001/:0
[    4381ms] [LOG] [Fast Refresh] done in 413ms @ http://localhost:3001/_next/static/chunks/4f160_next_dist_4fea854d._.js:2242
[    4423ms] Error: {error: ..., query: ...}
    at resolveErrorDev (http://localhost:3001/_next/static/chunks/4f160_next_dist_compiled_react-server-dom-turbopack-experimental_5cadb070._.js:1861:106)
    at processFullStringRow (http://localhost:3001/_next/static/chunks/4f160_next_dist_compiled_react-server-dom-turbopack-experimental_5cadb070._.js:2359:29)
    at processFullBinaryRow (http://localhost:3001/_next/static/chunks/4f160_next_dist_compiled_react-server-dom-turbopack-experimental_5cadb070._.js:2318:9)
    at processBinaryChunk (http://localhost:3001/_next/static/chunks/4f160_next_dist_compiled_react-server-dom-turbopack-experimental_5cadb070._.js:2437:98)
    at progress (http://localhost:3001/_next/static/chunks/4f160_next_dist_compiled_react-server-dom-turbopack-experimental_5cadb070._.js:2606:13)
[    4527ms] [LOG] [Fast Refresh] rebuilding @ http://localhost:3001/_next/static/chunks/4f160_next_dist_4fea854d._.js:2242
[    4541ms] [LOG] [Fast Refresh] done in 114ms @ http://localhost:3001/_next/static/chunks/4f160_next_dist_4fea854d._.js:2242
[    4651ms] [LOG] [Fast Refresh] rebuilding @ http://localhost:3001/_next/static/chunks/4f160_next_dist_4fea854d._.js:2242
[    4656ms] [LOG] [Fast Refresh] done in 113ms @ http://localhost:3001/_next/static/chunks/4f160_next_dist_4fea854d._.js:2242
[    4785ms] [LOG] [Fast Refresh] rebuilding @ http://localhost:3001/_next/static/chunks/4f160_next_dist_4fea854d._.js:2242
[    4786ms] [LOG] [Fast Refresh] done in 111ms @ http://localhost:3001/_next/static/chunks/4f160_next_dist_4fea854d._.js:2242
[ 1318403ms] [LOG] [Fast Refresh] rebuilding @ http://localhost:3001/_next/static/chunks/4f160_next_dist_4fea854d._.js:2242
[ 1319043ms] [LOG] [Fast Refresh] done in 700ms @ http://localhost:3001/_next/static/chunks/4f160_next_dist_4fea854d._.js:2242
[ 1319201ms] [LOG] [Fast Refresh] rebuilding @ http://localhost:3001/_next/static/chunks/4f160_next_dist_4fea854d._.js:2242
[ 1320018ms] [LOG] [Fast Refresh] done in 918ms @ http://localhost:3001/_next/static/chunks/4f160_next_dist_4fea854d._.js:2242
[ 1320154ms] [LOG] [Fast Refresh] rebuilding @ http://localhost:3001/_next/static/chunks/4f160_next_dist_4fea854d._.js:2242
[ 1320176ms] [LOG] [Fast Refresh] done in 131ms @ http://localhost:3001/_next/static/chunks/4f160_next_dist_4fea854d._.js:2242
[ 1320282ms] [LOG] [Fast Refresh] rebuilding @ http://localhost:3001/_next/static/chunks/4f160_next_dist_4fea854d._.js:2242
[ 1320283ms] [LOG] [Fast Refresh] done in 106ms @ http://localhost:3001/_next/static/chunks/4f160_next_dist_4fea854d._.js:2242
[ 1320403ms] [LOG] [Fast Refresh] rebuilding @ http://localhost:3001/_next/static/chunks/4f160_next_dist_4fea854d._.js:2242
[ 1320427ms] [LOG] [Fast Refresh] done in 128ms @ http://localhost:3001/_next/static/chunks/4f160_next_dist_4fea854d._.js:2242
[ 1320532ms] [LOG] [Fast Refresh] rebuilding @ http://localhost:3001/_next/static/chunks/4f160_next_dist_4fea854d._.js:2242
[ 1320533ms] [LOG] [Fast Refresh] done in 104ms @ http://localhost:3001/_next/static/chunks/4f160_next_dist_4fea854d._.js:2242
[ 1320654ms] [LOG] [Fast Refresh] rebuilding @ http://localhost:3001/_next/static/chunks/4f160_next_dist_4fea854d._.js:2242
[ 1320687ms] [LOG] [Fast Refresh] done in 138ms @ http://localhost:3001/_next/static/chunks/4f160_next_dist_4fea854d._.js:2242
[ 1333968ms] [LOG] [Fast Refresh] rebuilding @ http://localhost:3001/_next/static/chunks/4f160_next_dist_4fea854d._.js:2242
[ 1334478ms] [LOG] [Fast Refresh] done in 607ms @ http://localhost:3001/_next/static/chunks/4f160_next_dist_4fea854d._.js:2242
[ 1345464ms] [LOG] [Fast Refresh] rebuilding @ http://localhost:3001/_next/static/chunks/4f160_next_dist_4fea854d._.js:2242
[ 1345507ms] [LOG] [Fast Refresh] done in 89ms @ http://localhost:3001/_next/static/chunks/4f160_next_dist_4fea854d._.js:2242
[ 1345618ms] [LOG] [Fast Refresh] rebuilding @ http://localhost:3001/_next/static/chunks/4f160_next_dist_4fea854d._.js:2242
[ 1345881ms] [LOG] [Fast Refresh] done in 373ms @ http://localhost:3001/_next/static/chunks/4f160_next_dist_4fea854d._.js:2242
[ 1345997ms] [LOG] [Fast Refresh] rebuilding @ http://localhost:3001/_next/static/chunks/4f160_next_dist_4fea854d._.js:2242
[ 1345998ms] [LOG] [Fast Refresh] done in 107ms @ http://localhost:3001/_next/static/chunks/4f160_next_dist_4fea854d._.js:2242
[ 1355036ms] [LOG] [Fast Refresh] rebuilding @ http://localhost:3001/_next/static/chunks/4f160_next_dist_4fea854d._.js:2242
[ 1355400ms] [LOG] [Fast Refresh] done in 216ms @ http://localhost:3001/_next/static/chunks/4f160_next_dist_4fea854d._.js:2242
[ 1367191ms] [LOG] [Fast Refresh] rebuilding @ http://localhost:3001/_next/static/chunks/4f160_next_dist_4fea854d._.js:2242
[ 1367231ms] [LOG] [Fast Refresh] done in 67ms @ http://localhost:3001/_next/static/chunks/4f160_next_dist_4fea854d._.js:2242
[ 1367335ms] [LOG] [Fast Refresh] rebuilding @ http://localhost:3001/_next/static/chunks/4f160_next_dist_4fea854d._.js:2242
[ 1367591ms] [LOG] [Fast Refresh] done in 359ms @ http://localhost:3001/_next/static/chunks/4f160_next_dist_4fea854d._.js:2242
[ 1367717ms] [LOG] [Fast Refresh] rebuilding @ http://localhost:3001/_next/static/chunks/4f160_next_dist_4fea854d._.js:2242
[ 1367719ms] [LOG] [Fast Refresh] done in 107ms @ http://localhost:3001/_next/static/chunks/4f160_next_dist_4fea854d._.js:2242
[ 1367836ms] [LOG] [Fast Refresh] rebuilding @ http://localhost:3001/_next/static/chunks/4f160_next_dist_4fea854d._.js:2242
[ 1367841ms] [LOG] [Fast Refresh] done in 107ms @ http://localhost:3001/_next/static/chunks/4f160_next_dist_4fea854d._.js:2242
[ 1377364ms] [LOG] [Fast Refresh] rebuilding @ http://localhost:3001/_next/static/chunks/4f160_next_dist_4fea854d._.js:2242
[ 1377710ms] [LOG] [Fast Refresh] done in 134ms @ http://localhost:3001/_next/static/chunks/4f160_next_dist_4fea854d._.js:2242
[ 1377829ms] [LOG] [Fast Refresh] rebuilding @ http://localhost:3001/_next/static/chunks/4f160_next_dist_4fea854d._.js:2242
[ 1377830ms] [LOG] [Fast Refresh] done in 104ms @ http://localhost:3001/_next/static/chunks/4f160_next_dist_4fea854d._.js:2242
[ 1387560ms] [LOG] [Fast Refresh] rebuilding @ http://localhost:3001/_next/static/chunks/4f160_next_dist_4fea854d._.js:2242
[ 1387888ms] [LOG] [Fast Refresh] done in 89ms @ http://localhost:3001/_next/static/chunks/4f160_next_dist_4fea854d._.js:2242
[ 1388012ms] [LOG] [Fast Refresh] rebuilding @ http://localhost:3001/_next/static/chunks/4f160_next_dist_4fea854d._.js:2242
[ 1388013ms] [LOG] [Fast Refresh] done in 107ms @ http://localhost:3001/_next/static/chunks/4f160_next_dist_4fea854d._.js:2242
[ 1397635ms] [LOG] [Fast Refresh] rebuilding @ http://localhost:3001/_next/static/chunks/4f160_next_dist_4fea854d._.js:2242
[ 1397685ms] [LOG] [Fast Refresh] done in 118ms @ http://localhost:3001/_next/static/chunks/4f160_next_dist_4fea854d._.js:2242
[ 1397793ms] [LOG] [Fast Refresh] rebuilding @ http://localhost:3001/_next/static/chunks/4f160_next_dist_4fea854d._.js:2242
[ 1398089ms] [LOG] [Fast Refresh] done in 400ms @ http://localhost:3001/_next/static/chunks/4f160_next_dist_4fea854d._.js:2242
[ 1398200ms] [LOG] [Fast Refresh] rebuilding @ http://localhost:3001/_next/static/chunks/4f160_next_dist_4fea854d._.js:2242
[ 1398219ms] [LOG] [Fast Refresh] done in 124ms @ http://localhost:3001/_next/static/chunks/4f160_next_dist_4fea854d._.js:2242
[ 1398321ms] [LOG] [Fast Refresh] rebuilding @ http://localhost:3001/_next/static/chunks/4f160_next_dist_4fea854d._.js:2242
[ 1398355ms] [LOG] [Fast Refresh] done in 135ms @ http://localhost:3001/_next/static/chunks/4f160_next_dist_4fea854d._.js:2242
[ 1413433ms] [LOG] [Fast Refresh] rebuilding @ http://localhost:3001/_next/static/chunks/4f160_next_dist_4fea854d._.js:2242
[ 1413853ms] [LOG] [Fast Refresh] done in 211ms @ http://localhost:3001/_next/static/chunks/4f160_next_dist_4fea854d._.js:2242
[ 1413965ms] [LOG] [Fast Refresh] rebuilding @ http://localhost:3001/_next/static/chunks/4f160_next_dist_4fea854d._.js:2242
[ 1413971ms] [LOG] [Fast Refresh] done in 108ms @ http://localhost:3001/_next/static/chunks/4f160_next_dist_4fea854d._.js:2242
[ 1428043ms] [LOG] [Fast Refresh] rebuilding @ http://localhost:3001/_next/static/chunks/4f160_next_dist_4fea854d._.js:2242
[ 1428092ms] [LOG] [Fast Refresh] done in 112ms @ http://localhost:3001/_next/static/chunks/4f160_next_dist_4fea854d._.js:2242
[ 1428200ms] [LOG] [Fast Refresh] rebuilding @ http://localhost:3001/_next/static/chunks/4f160_next_dist_4fea854d._.js:2242
[ 1428852ms] [LOG] [Fast Refresh] done in 759ms @ http://localhost:3001/_next/static/chunks/4f160_next_dist_4fea854d._.js:2242
[ 1428965ms] [LOG] [Fast Refresh] rebuilding @ http://localhost:3001/_next/static/chunks/4f160_next_dist_4fea854d._.js:2242
[ 1428967ms] [LOG] [Fast Refresh] done in 108ms @ http://localhost:3001/_next/static/chunks/4f160_next_dist_4fea854d._.js:2242
[ 1429091ms] [LOG] [Fast Refresh] rebuilding @ http://localhost:3001/_next/static/chunks/4f160_next_dist_4fea854d._.js:2242
[ 1429092ms] [LOG] [Fast Refresh] done in 108ms @ http://localhost:3001/_next/static/chunks/4f160_next_dist_4fea854d._.js:2242
[ 1442636ms] [LOG] [Fast Refresh] rebuilding @ http://localhost:3001/_next/static/chunks/4f160_next_dist_4fea854d._.js:2242
[ 1443016ms] [ERROR] Failed to load resource: net::ERR_INSUFFICIENT_RESOURCES @ http://localhost:3001/?_rsc=fsnpp:0
[ 1443019ms] [ERROR] Failed to fetch RSC payload for http://localhost:3001/. Falling back to browser navigation. TypeError: Failed to fetch
    at createFetch (http://localhost:3001/_next/static/chunks/4f160_next_dist_client_260c94e2._.js:2149:33)
    at fetchServerResponse (http://localhost:3001/_next/static/chunks/4f160_next_dist_client_260c94e2._.js:2063:27)
    at hmrRefreshReducerImpl (http://localhost:3001/_next/static/chunks/4f160_next_dist_client_260c94e2._.js:12140:67)
    at clientReducer (http://localhost:3001/_next/static/chunks/4f160_next_dist_client_260c94e2._.js:12558:65)
    at Object.action (http://localhost:3001/_next/static/chunks/4f160_next_dist_client_260c94e2._.js:12759:55)
    at runAction (http://localhost:3001/_next/static/chunks/4f160_next_dist_client_260c94e2._.js:12664:38)
    at dispatchAction (http://localhost:3001/_next/static/chunks/4f160_next_dist_client_260c94e2._.js:12727:9)
    at Object.dispatch (http://localhost:3001/_next/static/chunks/4f160_next_dist_client_260c94e2._.js:12757:40)
    at http://localhost:3001/_next/static/chunks/4f160_next_dist_client_260c94e2._.js:1457:29
    at startTransition (http://localhost:3001/_next/static/chunks/ab84b_dist_compiled_react-dom-experimental_cjs_react-dom-client_development_647add9b.js:5351:31)
    at dispatch (http://localhost:3001/_next/static/chunks/4f160_next_dist_client_260c94e2._.js:1456:13)
    at dispatchAppRouterAction (http://localhost:3001/_next/static/chunks/4f160_next_dist_client_260c94e2._.js:1440:5)
    at http://localhost:3001/_next/static/chunks/4f160_next_dist_client_260c94e2._.js:12894:61
    at startTransition (http://localhost:3001/_next/static/chunks/4f160_next_dist_compiled_d2da0213._.js:1275:31)
    at Object.hmrRefresh (http://localhost:3001/_next/static/chunks/4f160_next_dist_client_260c94e2._.js:12893:40)
    at http://localhost:3001/_next/static/chunks/4f160_next_dist_client_260c94e2._.js:10672:64
    at startTransition (http://localhost:3001/_next/static/chunks/4f160_next_dist_compiled_d2da0213._.js:1275:31)
    at processMessage (http://localhost:3001/_next/static/chunks/4f160_next_dist_client_260c94e2._.js:10671:44)
    at WebSocket.handleMessage (http://localhost:3001/_next/static/chunks/4f160_next_dist_client_260c94e2._.js:9976:52) @ http://localhost:3001/_next/static/chunks/4f160_next_dist_4fea854d._.js:3066
[ 1443062ms] [LOG] [Fast Refresh] done in 175ms @ http://localhost:3001/_next/static/chunks/4f160_next_dist_4fea854d._.js:2242
